// Jest Snapshot v1, https://goo.gl/fbAQLP

exports[`should render ExpenseList with empty message 1`] = `
<div
  className="expense-list"
>
  <p>
    Go to the "Add Expense" section.
  </p>
</div>
`;

exports[`should render ExpenseList with expenses 1`] = `
<div
  className="expense-list"
>
  <ExpenseListItem
    amount={9999}
    createdAt={-345600000}
    description="first"
    id="1"
    key="1"
    note=""
  />
  <ExpenseListItem
    amount={200}
    createdAt={"1970-01-01T00:00:00.000Z"}
    description="second"
    id="2"
    key="2"
    note=""
  />
  <ExpenseListItem
    amount={4545}
    createdAt={345600000}
    description="third"
    id="3"
    key="3"
    note=""
  />
</div>
`;
